\BOOKMARK [1][-]{section*.1}{\376\377\000A\000b\000s\000t\000r\000a\000c\000t}{}% 1
\BOOKMARK [0][-]{chapter*.17}{\376\377\000C\000o\000n\000t\000e\000n\000t\000s}{}% 2
\BOOKMARK [0][-]{chapter*.18}{\376\377\000L\000i\000s\000t\000\040\000o\000f\000\040\000F\000i\000g\000u\000r\000e\000s}{}% 3
\BOOKMARK [0][-]{chapter*.19}{\376\377\000L\000i\000s\000t\000\040\000o\000f\000\040\000T\000a\000b\000l\000e\000s}{}% 4
\BOOKMARK [0][-]{chapter*.21}{\376\377\000L\000i\000s\000t\000\040\000o\000f\000\040\000A\000b\000b\000r\000e\000v\000i\000a\000t\000i\000o\000n\000s\000\040\000a\000n\000d\000\040\000S\000y\000m\000b\000o\000l\000s}{}% 5
\BOOKMARK [0][-]{chapter.1}{\376\377\000I\000n\000t\000r\000o\000d\000u\000c\000t\000i\000o\000n}{}% 6
\BOOKMARK [1][-]{section.1.1}{\376\377\000G\000a\000l\000a\000x\000y\000\040\000C\000l\000u\000s\000t\000e\000r\000s}{chapter.1}% 7
\BOOKMARK [1][-]{section.1.2}{\376\377\000O\000b\000s\000e\000r\000v\000a\000b\000l\000e\000s}{chapter.1}% 8
\BOOKMARK [2][-]{subsection.1.2.1}{\376\377\000X\000\040\000r\000a\000y}{section.1.2}% 9
\BOOKMARK [2][-]{subsection.1.2.2}{\376\377\000R\000a\000d\000i\000o\000\040\000S\000u\000n\000y\000a\000e\000v\000-\000Z\000e\000l\040\031\000d\000o\000v\000i\000c\000h\000\040\000e\000f\000f\000e\000c\000t}{section.1.2}% 10
\BOOKMARK [1][-]{section.1.3}{\376\377\000A\000s\000t\000r\000o\000p\000h\000y\000s\000i\000c\000a\000l\000\040\000T\000u\000r\000b\000u\000l\000e\000n\000c\000e\000\040\000S\000c\000e\000n\000a\000r\000i\000o\000s\000\040}{chapter.1}% 11
\BOOKMARK [1][-]{section.1.4}{\376\377\000T\000u\000r\000b\000u\000l\000e\000n\000c\000e\000\040\000t\000h\000e\000o\000r\000y}{chapter.1}% 12
\BOOKMARK [1][-]{section.1.5}{\376\377\000T\000u\000r\000b\000u\000l\000e\000n\000c\000e\000\040\000i\000n\000f\000e\000r\000e\000n\000c\000e\000\040\000p\000i\000p\000e\000l\000i\000n\000e}{chapter.1}% 13
\BOOKMARK [1][-]{section.1.6}{\376\377\000O\000b\000j\000e\000c\000t\000i\000v\000e\000s\000\040\000m\000o\000v\000i\000n\000g\000\040\000f\000o\000r\000w\000a\000r\000d}{chapter.1}% 14
\BOOKMARK [0][-]{chapter.2}{\376\377\000A\000s\000s\000u\000m\000p\000t\000i\000o\000n\000s\000\040\000a\000n\000d\000\040\000T\000r\000a\000n\000s\000f\000e\000r\000\040\000E\000f\000f\000e\000c\000t\000s}{}% 15
\BOOKMARK [1][-]{section.2.1}{\376\377\000S\000m\000o\000o\000t\000h\000\040\000S\000B\000\040\000m\000o\000d\000e\000l}{chapter.2}% 16
\BOOKMARK [2][-]{subsection.2.1.1}{\376\377\000S\000p\000h\000e\000r\000i\000c\000a\000l\000\040\000S\000y\000m\000m\000e\000t\000r\000y}{section.2.1}% 17
\BOOKMARK [1][-]{section.2.2}{\376\377\000T\000u\000r\000b\000u\000l\000e\000n\000t\000\040\000P\000a\000r\000a\000m\000e\000t\000e\000r\000s}{chapter.2}% 18
\BOOKMARK [1][-]{section.2.3}{\376\377\000D\000e\000p\000r\000o\000j\000e\000c\000t\000i\000o\000n\000\040\000P\000r\000o\000c\000e\000s\000s}{chapter.2}% 19
\BOOKMARK [1][-]{section.2.4}{\376\377\000M\000a\000s\000k\000i\000n\000g\000\040\000a\000n\000d\000\040\000A\000p\000o\000d\000i\000z\000a\000t\000i\000o\000n}{chapter.2}% 20
\BOOKMARK [0][-]{chapter.3}{\376\377\000A\000b\000b\000r\000e\000v\000i\000a\000t\000e\000d\000\040\000t\000i\000t\000l\000e}{}% 21
\BOOKMARK [1][-]{section.3.1}{\376\377\000N\000o\000n\000\040\000P\000a\000r\000a\000m\000e\000t\000r\000i\000c\000\040\000M\000e\000t\000h\000o\000d\000s}{chapter.3}% 22
\BOOKMARK [2][-]{subsection.3.1.1}{\376\377\000I\000s\000o\000\040\000C\000o\000n\000t\000o\000u\000r\000\040\000S\000u\000r\000f\000a\000c\000e\000\040\000B\000r\000i\000g\000h\000t\000n\000e\000s\000s}{section.3.1}% 23
\BOOKMARK [2][-]{subsection.3.1.2}{\376\377\000F\000o\000u\000r\000i\000e\000r\000\040\000M\000o\000d\000e\000\040\000S\000m\000o\000o\000t\000h\000\040\000m\000o\000d\000e\000l\000s}{section.3.1}% 24
\BOOKMARK [2][-]{subsection.3.1.3}{\376\377\000E\000l\000l\000i\000p\000s\000e\000\040\000m\000o\000d\000e\000l\000s}{section.3.1}% 25
\BOOKMARK [1][-]{section.3.2}{\376\377\000f\000B\000m\000\040\000f\000i\000e\000l\000d\000s\000\040\000a\000n\000d\000\040\000a\000r\000t\000i\000f\000i\000c\000i\000a\000l\000\040\000c\000l\000u\000s\000t\000e\000r\000s}{chapter.3}% 26
\BOOKMARK [0][-]{chapter.4}{\376\377\000A\000b\000b\000r\000e\000v\000i\000a\000t\000e\000d\000\040\000t\000i\000t\000l\000e}{}% 27
\BOOKMARK [1][-]{section.4.1}{\376\377\000I\000n\000t\000r\000o\000d\000u\000c\000t\000i\000o\000n}{chapter.4}% 28
\BOOKMARK [0][-]{chapter.5}{\376\377\000C\000o\000n\000c\000l\000u\000s\000i\000o\000n}{}% 29
\BOOKMARK [0][-]{appendix.A}{\376\377\000A\000p\000p\000e\000n\000d\000i\000x}{}% 30
\BOOKMARK [1][-]{section.A.1}{\376\377\000N\000a\000m\000e\000\040\000o\000f\000\040\000A\000p\000p\000e\000n\000d\000i\000x\000-\0001}{appendix.A}% 31
\BOOKMARK [1][-]{section.A.2}{\376\377\000N\000a\000m\000e\000\040\000o\000f\000\040\000A\000p\000p\000e\000n\000d\000i\000x\000-\0002}{appendix.A}% 32
\BOOKMARK [0][-]{appendix.B}{\376\377\000E\000x\000a\000m\000p\000l\000e\000\040\000o\000f\000\040\000C\000i\000t\000a\000t\000i\000o\000n\000s}{}% 33
\BOOKMARK [0][-]{appendix.C}{\376\377\000E\000x\000a\000m\000p\000l\000e\000\040\000o\000f\000\040\000C\000o\000d\000e}{}% 34
\BOOKMARK [1][-]{section.C.1}{\376\377\000F\000i\000n\000d\000\040\000t\000h\000e\000\040\000g\000r\000e\000a\000t\000e\000s\000t\000\040\000n\000u\000m\000b\000e\000r\000\040\000f\000r\000o\000m\000\040\000a\000\040\000l\000i\000s\000t\000\040\000o\000f\000\040\000n\000u\000m\000b\000e\000r\000s\000\040\000i\000n\000\040\000P\000y\000t\000h\000o\000n}{appendix.C}% 35
\BOOKMARK [0][-]{appendix.D}{\376\377\000E\000x\000a\000m\000p\000l\000e\000\040\000o\000f\000\040\000E\000q\000u\000a\000t\000i\000o\000n\000s}{}% 36
\BOOKMARK [0][-]{appendix.E}{\376\377\000E\000x\000a\000m\000p\000l\000e\000\040\000o\000f\000\040\000F\000i\000g\000u\000r\000e\000s}{}% 37
\BOOKMARK [0][-]{appendix.F}{\376\377\000E\000x\000a\000m\000p\000l\000e\000\040\000o\000f\000\040\000F\000l\000o\000w\000\040\000C\000h\000a\000r\000t\000s}{}% 38
\BOOKMARK [0][-]{appendix.G}{\376\377\000E\000x\000a\000m\000p\000l\000e\000\040\000o\000f\000\040\000T\000a\000b\000l\000e\000s}{}% 39
